../Core/Src/main.c:146:5:main	64	static
../Core/Src/main.c:240:6:SystemClock_Config	88	static
../Core/Src/main.c:288:13:MX_CAN1_Init	8	static
../Core/Src/main.c:325:13:MX_USART2_UART_Init	8	static
../Core/Src/main.c:358:13:MX_GPIO_Init	48	static
../Core/Src/main.c:408:19:writeParameter	56	static
../Core/Src/main.c:440:19:motorEnable	56	static
../Core/Src/main.c:462:19:motorStop	56	static
../Core/Src/main.c:484:6:runMITLoop	24	static
../Core/Src/main.c:515:19:getMotorDeviceID	56	static
../Core/Src/main.c:539:19:clearMotorFault	56	static
../Core/Src/main.c:564:6:HAL_CAN_RxFifo0MsgPendingCallback	168	static
../Core/Src/main.c:629:6:testMotor	16	static
../Core/Src/main.c:661:6:serialWrite	16	static
../Core/Src/main.c:666:6:serialProcessRxData	4	static
../Core/Src/main.c:670:6:HAL_UART_RxCpltCallback	16	static
../Core/Src/main.c:680:17:float_to_uint	32	static
../Core/Src/main.c:703:6:Error_Handler	4	static,ignoring_inline_asm
