../Core/Src/main.c:148:5:main	64	static
../Core/Src/main.c:298:6:SystemClock_Config	88	static
../Core/Src/main.c:346:13:MX_CAN1_Init	8	static
../Core/Src/main.c:383:13:MX_USART2_UART_Init	8	static
../Core/Src/main.c:416:13:MX_GPIO_Init	48	static
../Core/Src/main.c:466:19:writeParameter	56	static
../Core/Src/main.c:498:19:motorEnable	56	static
../Core/Src/main.c:520:19:motorStop	56	static
../Core/Src/main.c:542:6:runMITLoop	24	static
../Core/Src/main.c:573:19:getMotorDeviceID	56	static
../Core/Src/main.c:596:19:motorControlMode	88	static
../Core/Src/main.c:672:6:moveMotorToAngle	24	static
../Core/Src/main.c:694:19:clearMotorFault	56	static
../Core/Src/main.c:719:6:HAL_CAN_RxFifo0MsgPendingCallback	168	static
../Core/Src/main.c:784:6:testMotor	16	static
../Core/Src/main.c:816:6:serialWrite	16	static
../Core/Src/main.c:821:6:serialProcessRxData	8	static
../Core/Src/main.c:841:6:HAL_UART_RxCpltCallback	16	static
../Core/Src/main.c:856:17:float_to_uint	32	static
../Core/Src/main.c:871:19:motorControlFrame	88	static
../Core/Src/main.c:956:6:Error_Handler	4	static,ignoring_inline_asm
