../Core/Src/main.c:147:5:main	64	static
../Core/Src/main.c:297:6:SystemClock_Config	88	static
../Core/Src/main.c:345:13:MX_CAN1_Init	8	static
../Core/Src/main.c:382:13:MX_USART2_UART_Init	8	static
../Core/Src/main.c:415:13:MX_GPIO_Init	48	static
../Core/Src/main.c:465:19:writeParameter	56	static
../Core/Src/main.c:496:19:motorEnable	56	static
../Core/Src/main.c:518:19:motorStop	56	static
../Core/Src/main.c:540:6:runMITLoop	24	static
../Core/Src/main.c:569:19:getMotorDeviceID	56	static
../Core/Src/main.c:592:19:motorControlMode	88	static
../Core/Src/main.c:668:6:moveMotorToAngle	24	static
../Core/Src/main.c:690:19:clearMotorFault	56	static
../Core/Src/main.c:715:6:HAL_CAN_RxFifo0MsgPendingCallback	168	static
../Core/Src/main.c:780:6:testMotor	8	static
../Core/Src/main.c:803:6:serialWrite	16	static
../Core/Src/main.c:808:6:serialProcessRxData	8	static
../Core/Src/main.c:828:6:HAL_UART_RxCpltCallback	16	static
../Core/Src/main.c:843:17:float_to_uint	32	static
../Core/Src/main.c:858:19:motorControlFrame	88	static
../Core/Src/main.c:921:6:Error_Handler	4	static,ignoring_inline_asm
